00:01.391  blend            | Read blend: "C:\Users\Admin\Downloads\战斗陀螺\tools\art_source\launcher_performance.blend"
INFO Draco is available, use library at C:\Program Files\Blender Foundation\Blender 5.2\5.2\scripts\addons_core\io_scene_gltf2\bf_intern_draco_bridge.dll
INFO MeshOptimizer is available, use library at C:\Program Files\Blender Foundation\Blender 5.2\5.2\scripts\addons_core\io_scene_gltf2\bf_intern_meshopt_bridge.dll
03:41:52 | INFO: Starting glTF 2.0 export
03:41:52 | INFO: Extracting primitive: Cylinder.011
03:41:52 | INFO: Primitives created: 1
03:41:52 | INFO: Extracting primitive: Cylinder.007
03:41:52 | INFO: Primitives created: 1
03:41:52 | INFO: Extracting primitive: Cube.075
03:41:52 | INFO: Primitives created: 1
03:41:52 | INFO: Extracting primitive: Cube.080
03:41:52 | INFO: Primitives created: 1
03:41:52 | INFO: Extracting primitive: Cube.073
03:41:52 | INFO: Primitives created: 1
03:41:52 | INFO: Extracting primitive: Text.006
03:41:52 | INFO: Primitives created: 1
03:41:52 | INFO: Extracting primitive: Cube.273
03:41:52 | INFO: Primitives created: 1
03:41:52 | INFO: Extracting primitive: Cube.260
03:41:52 | INFO: Primitives created: 1
03:41:52 | INFO: Extracting primitive: Cube.248
03:41:52 | INFO: Primitives created: 1
03:41:52 | INFO: Extracting primitive: Ivory grip rail.002
03:41:52 | INFO: Primitives created: 1
03:41:52 | INFO: Extracting primitive: Coupler chassis threaded seat.003
03:41:52 | INFO: Primitives created: 1
03:41:52 | INFO: Extracting primitive: Cylinder.001
03:41:52 | INFO: Primitives created: 1
03:41:52 | INFO: Extracting primitive: Continuous dark parting seam.001
03:41:52 | INFO: Primitives created: 1
03:41:52 | INFO: Extracting primitive: Cobalt nose armour.001
03:41:52 | INFO: Primitives created: 1
03:41:52 | INFO: Extracting primitive: Ivory upper shell.001
03:41:52 | INFO: Primitives created: 1
03:41:52 | INFO: Extracting primitive: Cube.275
03:41:52 | INFO: Primitives created: 1
03:41:52 | INFO: Extracting primitive: Cube.274
03:41:52 | INFO: Primitives created: 1
03:41:52 | INFO: Extracting primitive: Cube.280
03:41:52 | INFO: Primitives created: 1
03:41:52 | INFO: Extracting primitive: Cube.282
03:41:52 | INFO: Primitives created: 1
03:41:52 | INFO: Extracting primitive: Cube.283
03:41:52 | INFO: Primitives created: 1
03:41:52 | INFO: Extracting primitive: Cube.284
03:41:52 | INFO: Primitives created: 1
03:41:52 | INFO: Extracting primitive: Female hex drive socket.003
03:41:52 | INFO: Primitives created: 1
03:41:52 | INFO: Extracting primitive: Cube.303
03:41:52 | INFO: Primitives created: 1
03:41:52 | INFO: Extracting primitive: Coupler machined shoulder.003
03:41:52 | INFO: Primitives created: 1
03:41:52 | INFO: Extracting primitive: Cube.306
03:41:52 | INFO: Primitives created: 1
03:41:52 | INFO: Extracting primitive: Stationary alignment skirt.003
03:41:52 | INFO: Primitives created: 1
03:41:52 | INFO: Extracting primitive: Cube.287
03:41:52 | INFO: Primitives created: 1
03:41:52 | INFO: Extracting primitive: Cube.289
03:41:52 | INFO: Primitives created: 1
03:41:52 | INFO: Extracting primitive: Cube.288
03:41:52 | INFO: Primitives created: 1
03:41:52 | INFO: Extracting primitive: Cube.290
03:41:52 | INFO: Primitives created: 1
03:41:52 | INFO: Extracting primitive: Cylinder.015
03:41:52 | INFO: Primitives created: 1
03:41:52 | INFO: Extracting primitive: Cube.295
03:41:52 | INFO: Primitives created: 1
03:41:52 | INFO: Extracting primitive: Cylinder.017
03:41:52 | INFO: Primitives created: 1
03:41:52 | INFO: Extracting primitive: Cube.296
03:41:52 | INFO: Primitives created: 1
03:41:52 | INFO: Extracting primitive: 32T compound drive hub.001
03:41:52 | INFO: Primitives created: 1
03:41:52 | INFO: Extracting primitive: 32T compound drive recessed web.001
03:41:52 | INFO: Primitives created: 1
03:41:52 | INFO: Extracting primitive: 32T compound drive.001
03:41:52 | INFO: Primitives created: 1
03:41:52 | INFO: Extracting primitive: 32T output gear hub.001
03:41:52 | INFO: Primitives created: 1
03:41:52 | INFO: Extracting primitive: 32T output gear recessed web.001
03:41:52 | INFO: Primitives created: 1
03:41:52 | INFO: Extracting primitive: 32T output gear.001
03:41:52 | INFO: Primitives created: 1
03:41:52 | INFO: Extracting primitive: Input return ribbon spring.003
03:41:52 | INFO: Primitives created: 1
03:41:52 | INFO: Extracting primitive: Cylinder.052
03:41:52 | INFO: Primitives created: 1
03:41:52 | INFO: Extracting primitive: Bearing support tower.006
03:41:52 | INFO: Primitives created: 1
03:41:52 | INFO: Extracting primitive: Cylinder.054
03:41:52 | INFO: Primitives created: 1
03:41:52 | INFO: Finished glTF 2.0 export in 0.2559652328491211 s

PERFORMANCE_ASSEMBLY_EXPORTED
Blender 5.2.1 LTS (hash 9e2066aef7ef built 2026-08-25 02:38:20)

Blender quit
