
> beyblade-web-prototype@0.1.0 build
> vite build

[36mvite v7.3.6 [32mbuilding client environment for production...[36m[39m
transforming...
[32m✓[39m 1066 modules transformed.
rendering chunks...
computing gzip size...
[2mdist/[22m[32mindex.html                                [39m[1m[2m    0.82 kB[22m[1m[22m[2m │ gzip:   0.47 kB[22m
[2mdist/[22m[32massets/r01-BKsUjDiC.glb                   [39m[1m[2m   95.42 kB[22m[1m[22m
[2mdist/[22m[32massets/r02-DhjOwcw9.glb                   [39m[1m[2m  126.98 kB[22m[1m[22m
[2mdist/[22m[32massets/r03-f9Y5w_AA.glb                   [39m[1m[2m  133.99 kB[22m[1m[22m
[2mdist/[22m[32massets/c01-Bs9cCKkX.glb                   [39m[1m[2m  264.79 kB[22m[1m[22m
[2mdist/[22m[32massets/c02-I5iSoLbc.glb                   [39m[1m[2m  275.79 kB[22m[1m[22m
[2mdist/[22m[32massets/c03-B3fi11c1.glb                   [39m[1m[2m  371.32 kB[22m[1m[22m
[2mdist/[22m[32massets/t01-CIWdIGen.glb                   [39m[1m[2m  782.70 kB[22m[1m[22m
[2mdist/[22m[32massets/t03-PbI6_j_8.glb                   [39m[1m[2m  836.52 kB[22m[1m[22m
[2mdist/[22m[32massets/t02-BQeCseeT.glb                   [39m[1m[2m  846.08 kB[22m[1m[22m
[2mdist/[22m[32massets/childhood_lab-CKRM9Doh.glb         [39m[1m[2m  912.24 kB[22m[1m[22m
[2mdist/[22m[32massets/floating_ruins-CH3Lao7Q.glb        [39m[1m[2m1,748.08 kB[22m[1m[22m
[2mdist/[22m[32massets/holo-C0oHKXmu.glb                  [39m[1m[2m1,756.34 kB[22m[1m[22m
[2mdist/[22m[32massets/launcher-performance-D7XGupoK.glb  [39m[1m[2m1,762.96 kB[22m[1m[22m
[2mdist/[22m[32massets/test_lab-GV3Yj-A3.glb              [39m[1m[2m2,262.06 kB[22m[1m[22m
[2mdist/[22m[32massets/arena-DWBAyRtb.glb                 [39m[1m[2m2,468.47 kB[22m[1m[22m
[2mdist/[22m[32massets/street-PgMVw33L.glb                [39m[1m[2m7,934.43 kB[22m[1m[22m
[2mdist/[22m[32massets/championship-CCShPmAa.glb          [39m[1m[2m8,662.72 kB[22m[1m[22m
[2mdist/[22m[35massets/index-xJLcyWdl.css                 [39m[1m[2m  104.05 kB[22m[1m[22m[2m │ gzip:  20.57 kB[22m
[2mdist/[22m[36massets/tone-CZXAaMHY.js                   [39m[1m[2m  245.95 kB[22m[1m[22m[2m │ gzip:  62.41 kB[22m
[2mdist/[22m[36massets/index-ut8yOnxk.js                  [39m[1m[2m  363.22 kB[22m[1m[22m[2m │ gzip: 118.61 kB[22m
[2mdist/[22m[36massets/three-BktdaprF.js                  [39m[1m[33m  890.17 kB[39m[22m[2m │ gzip: 267.21 kB[22m

(!) Some chunks are larger than 500 kB after minification. Consider:
- Using dynamic import() to code-split the application
- Use build.rollupOptions.output.manualChunks to improve chunking: https://rollupjs.org/configuration-options/#output-manualchunks
- Adjust chunk size limit for this warning via build.chunkSizeWarningLimit.
[32m✓ built in 2.92s[39m
